namespace NServiceBus
{
    public class Metrics { }
    public class static MetricsExtensions
    {
        public static NServiceBus.Metrics Metrics(this NServiceBus.EndpointConfiguration endpointConfiguration) { }
    }
    public class static MetricsExtensionsForPerformanceCounters
    {
        public static void EnableCriticalTimePerformanceCounter(this NServiceBus.Metrics metrics) { }
        public static void EnablePerformanceStatistics(this NServiceBus.Metrics metrics) { }
        public static void EnableSLAPerformanceCounters(this NServiceBus.Metrics metrics) { }
        public static void EnableSLAPerformanceCounters(this NServiceBus.Metrics metrics, System.TimeSpan sla) { }
    }
    public class PerformanceCounters
    {
        public NServiceBus.PerformanceCounters EnableSLACounters(System.Action<NServiceBus.PerformanceSettings> customizations) { }
    }
    public class static PerformanceCountersExtensions
    {
        public static NServiceBus.PerformanceCounters WindowsPerformanceCounters(this NServiceBus.EndpointConfiguration endpointConfiguration) { }
    }
    public class PerformanceSettings
    {
        public void EndpointSLATimeout(System.TimeSpan sla) { }
    }
    public class static ReceiveStatisticsConfig
    {
        public static void EnablePerformanceCounters(this NServiceBus.EndpointConfiguration endpointConfiguration) { }
    }
}