The endpoint name ('*********************************************************************************************************************************') is too long (longer then 127) to register as a performance counter instance name. Shorten the endpoint name length.