namespace NServiceBus
{
    public class static PerformanceCountersExtensions
    {
        public static NServiceBus.PerformanceCountersSettings EnableWindowsPerformanceCounters(this NServiceBus.EndpointConfiguration endpointConfiguration) { }
    }
    public class PerformanceCountersSettings
    {
        public void EnableSLAPerformanceCounters(System.TimeSpan sla) { }
    }
}